// Jest Snapshot v1, https://goo.gl/fbAQLP

exports[`Card Component renders the card component correctly 1`] = `
<DocumentFragment>
  <div
    data-testid="card-test"
  >
    <div
      class="relative mb-2 h-64 w-full overflow-hidden"
    >
      <img
        alt="#BisaBangkit Bersama Kitabisa"
        class="object-cover"
        data-nimg="fill"
        decoding="async"
        fetchpriority="high"
        sizes="100%"
        src="/_next/image?url=https%3A%2F%2Fimg.staging.kitabisa.cc%2Fsize%2F664x357%2F0f9a7205-79ef-49c9-a95a-49347fbd00a6.jpg&w=3840&q=75"
        srcset="/_next/image?url=https%3A%2F%2Fimg.staging.kitabisa.cc%2Fsize%2F664x357%2F0f9a7205-79ef-49c9-a95a-49347fbd00a6.jpg&w=16&q=75 16w, /_next/image?url=https%3A%2F%2Fimg.staging.kitabisa.cc%2Fsize%2F664x357%2F0f9a7205-79ef-49c9-a95a-49347fbd00a6.jpg&w=32&q=75 32w, /_next/image?url=https%3A%2F%2Fimg.staging.kitabisa.cc%2Fsize%2F664x357%2F0f9a7205-79ef-49c9-a95a-49347fbd00a6.jpg&w=48&q=75 48w, /_next/image?url=https%3A%2F%2Fimg.staging.kitabisa.cc%2Fsize%2F664x357%2F0f9a7205-79ef-49c9-a95a-49347fbd00a6.jpg&w=64&q=75 64w, /_next/image?url=https%3A%2F%2Fimg.staging.kitabisa.cc%2Fsize%2F664x357%2F0f9a7205-79ef-49c9-a95a-49347fbd00a6.jpg&w=96&q=75 96w, /_next/image?url=https%3A%2F%2Fimg.staging.kitabisa.cc%2Fsize%2F664x357%2F0f9a7205-79ef-49c9-a95a-49347fbd00a6.jpg&w=128&q=75 128w, /_next/image?url=https%3A%2F%2Fimg.staging.kitabisa.cc%2Fsize%2F664x357%2F0f9a7205-79ef-49c9-a95a-49347fbd00a6.jpg&w=256&q=75 256w, /_next/image?url=https%3A%2F%2Fimg.staging.kitabisa.cc%2Fsize%2F664x357%2F0f9a7205-79ef-49c9-a95a-49347fbd00a6.jpg&w=384&q=75 384w, /_next/image?url=https%3A%2F%2Fimg.staging.kitabisa.cc%2Fsize%2F664x357%2F0f9a7205-79ef-49c9-a95a-49347fbd00a6.jpg&w=640&q=75 640w, /_next/image?url=https%3A%2F%2Fimg.staging.kitabisa.cc%2Fsize%2F664x357%2F0f9a7205-79ef-49c9-a95a-49347fbd00a6.jpg&w=750&q=75 750w, /_next/image?url=https%3A%2F%2Fimg.staging.kitabisa.cc%2Fsize%2F664x357%2F0f9a7205-79ef-49c9-a95a-49347fbd00a6.jpg&w=828&q=75 828w, /_next/image?url=https%3A%2F%2Fimg.staging.kitabisa.cc%2Fsize%2F664x357%2F0f9a7205-79ef-49c9-a95a-49347fbd00a6.jpg&w=1080&q=75 1080w, /_next/image?url=https%3A%2F%2Fimg.staging.kitabisa.cc%2Fsize%2F664x357%2F0f9a7205-79ef-49c9-a95a-49347fbd00a6.jpg&w=1200&q=75 1200w, /_next/image?url=https%3A%2F%2Fimg.staging.kitabisa.cc%2Fsize%2F664x357%2F0f9a7205-79ef-49c9-a95a-49347fbd00a6.jpg&w=1920&q=75 1920w, /_next/image?url=https%3A%2F%2Fimg.staging.kitabisa.cc%2Fsize%2F664x357%2F0f9a7205-79ef-49c9-a95a-49347fbd00a6.jpg&w=2048&q=75 2048w, /_next/image?url=https%3A%2F%2Fimg.staging.kitabisa.cc%2Fsize%2F664x357%2F0f9a7205-79ef-49c9-a95a-49347fbd00a6.jpg&w=3840&q=75 3840w"
        style="position: absolute; height: 100%; width: 100%; left: 0px; top: 0px; right: 0px; bottom: 0px; color: transparent;"
      />
    </div>
    <h2
      class="mb-2 h-auto text-xl capitalize antialiased sm:mb-0 sm:h-16"
    >
      <strong>
        #BisaBangkit Bersama Kitabisa
      </strong>
    </h2>
    <div
      class="relative w-full overflow-hidden rounded-full bg-slate-300"
    >
      <div
        class="h-2 text-right bg-gray-500"
        style="width: 35.72%;"
      />
    </div>
    <div
      class="mt-2 flex items-center justify-between gap-2"
    >
      <div
        class="flex flex-col"
      >
        <h6
          class="font-semibold"
        >
          Terkumpul
        </h6>
        <p>
          Rp. 178.613.497
        </p>
      </div>
      <div
        class="flex flex-col"
      >
        <h6
          class="font-semibold"
        >
          Sisa Hari
        </h6>
        <p
          class="text-right"
        >
          0
        </p>
      </div>
    </div>
  </div>
</DocumentFragment>
`;
